// Jest Snapshot v1, https://goo.gl/fbAQLP

exports[`instruments getFullApiUrl should match snapshot 1`] = `"api/group_id"`;

exports[`instruments sum function should return an addition of two arguments 1`] = `9`;
